// Jest Snapshot v1, https://goo.gl/fbAQLP

exports[`carousel number array 1`] = `
{
  "asFragment": [Function],
  "baseElement": <body>
    <div>
      <div
        class="carousel"
      >
        <div
          class="title"
        >
          <a
            class="title_container"
            href=""
          >
            <div
              title="title"
            >
              <h4
                class="h h4"
              >
                title
              </h4>
            </div>
            <svg
              fill="currentColor"
              height="1em"
              stroke="currentColor"
              stroke-width="0"
              viewBox="0 0 24 24"
              width="1em"
              xmlns="http://www.w3.org/2000/svg"
            >
              <path
                d="M0 0h24v24H0V0z"
                fill="none"
              />
              <path
                d="M6.23 20.23L8 22l10-10L8 2 6.23 3.77 14.46 12z"
              />
            </svg>
          </a>
        </div>
        <div
          class="slick-slider slick-initialized"
          dir="ltr"
        >
          <div
            class="arrow_container"
          >
            <div
              class="arrow prev"
            >
              <button
                class="button transparent L"
                disabled=""
              >
                <svg
                  fill="currentColor"
                  height="30"
                  stroke="currentColor"
                  stroke-width="0"
                  viewBox="0 0 24 24"
                  width="30"
                  xmlns="http://www.w3.org/2000/svg"
                >
                  <path
                    d="M0 0h24v24H0z"
                    fill="none"
                  />
                  <path
                    d="M17.77 3.77L16 2 6 12l10 10 1.77-1.77L9.54 12z"
                  />
                </svg>
              </button>
            </div>
          </div>
          <div
            class="slick-list"
          >
            <div
              class="slick-track"
              style="opacity: 1; transform: translate3d(0px, 0px, 0px);"
            >
              <div
                aria-hidden="false"
                class="slick-slide slick-active slick-current"
                data-index="0"
                style="outline: none; width: 0px;"
                tabindex="-1"
              >
                <div>
                  <div
                    class="card"
                  >
                    <div
                      class="imageSection loader"
                    />
                    <div
                      class="textSection loader"
                    />
                  </div>
                </div>
              </div>
              <div
                aria-hidden="false"
                class="slick-slide slick-active"
                data-index="1"
                style="outline: none; width: 0px;"
                tabindex="-1"
              >
                <div>
                  <div
                    class="card"
                  >
                    <div
                      class="imageSection loader"
                    />
                    <div
                      class="textSection loader"
                    />
                  </div>
                </div>
              </div>
              <div
                aria-hidden="false"
                class="slick-slide slick-active"
                data-index="2"
                style="outline: none; width: 0px;"
                tabindex="-1"
              >
                <div>
                  <div
                    class="card"
                  >
                    <div
                      class="imageSection loader"
                    />
                    <div
                      class="textSection loader"
                    />
                  </div>
                </div>
              </div>
              <div
                aria-hidden="false"
                class="slick-slide slick-active"
                data-index="3"
                style="outline: none; width: 0px;"
                tabindex="-1"
              >
                <div>
                  <div
                    class="card"
                  >
                    <div
                      class="imageSection loader"
                    />
                    <div
                      class="textSection loader"
                    />
                  </div>
                </div>
              </div>
              <div
                aria-hidden="false"
                class="slick-slide slick-active"
                data-index="4"
                style="outline: none; width: 0px;"
                tabindex="-1"
              >
                <div>
                  <div
                    class="card"
                  >
                    <div
                      class="imageSection loader"
                    />
                    <div
                      class="textSection loader"
                    />
                  </div>
                </div>
              </div>
              <div
                aria-hidden="false"
                class="slick-slide slick-active"
                data-index="5"
                style="outline: none; width: 0px;"
                tabindex="-1"
              >
                <div>
                  <div
                    class="card"
                  >
                    <div
                      class="imageSection loader"
                    />
                    <div
                      class="textSection loader"
                    />
                  </div>
                </div>
              </div>
              <div
                aria-hidden="false"
                class="slick-slide slick-active"
                data-index="6"
                style="outline: none; width: 0px;"
                tabindex="-1"
              >
                <div>
                  <div
                    class="card"
                  >
                    <div
                      class="imageSection loader"
                    />
                    <div
                      class="textSection loader"
                    />
                  </div>
                </div>
              </div>
              <div
                aria-hidden="true"
                class="slick-slide"
                data-index="7"
                style="outline: none; width: 0px;"
                tabindex="-1"
              />
              <div
                aria-hidden="true"
                class="slick-slide"
                data-index="8"
                style="outline: none; width: 0px;"
                tabindex="-1"
              />
              <div
                aria-hidden="true"
                class="slick-slide"
                data-index="9"
                style="outline: none; width: 0px;"
                tabindex="-1"
              />
              <div
                aria-hidden="true"
                class="slick-slide"
                data-index="10"
                style="outline: none; width: 0px;"
                tabindex="-1"
              />
              <div
                aria-hidden="true"
                class="slick-slide"
                data-index="11"
                style="outline: none; width: 0px;"
                tabindex="-1"
              />
              <div
                aria-hidden="true"
                class="slick-slide"
                data-index="12"
                style="outline: none; width: 0px;"
                tabindex="-1"
              />
              <div
                aria-hidden="true"
                class="slick-slide"
                data-index="13"
                style="outline: none; width: 0px;"
                tabindex="-1"
              />
              <div
                aria-hidden="true"
                class="slick-slide"
                data-index="14"
                style="outline: none; width: 0px;"
                tabindex="-1"
              />
            </div>
          </div>
          <div
            class="arrow_container"
          >
            <div
              class="arrow next"
            >
              <button
                class="button transparent L"
              >
                <svg
                  fill="currentColor"
                  height="30"
                  stroke="currentColor"
                  stroke-width="0"
                  viewBox="0 0 24 24"
                  width="30"
                  xmlns="http://www.w3.org/2000/svg"
                >
                  <path
                    d="M0 0h24v24H0V0z"
                    fill="none"
                  />
                  <path
                    d="M6.23 20.23L8 22l10-10L8 2 6.23 3.77 14.46 12z"
                  />
                </svg>
              </button>
            </div>
          </div>
        </div>
      </div>
    </div>
  </body>,
  "container": <div>
    <div
      class="carousel"
    >
      <div
        class="title"
      >
        <a
          class="title_container"
          href=""
        >
          <div
            title="title"
          >
            <h4
              class="h h4"
            >
              title
            </h4>
          </div>
          <svg
            fill="currentColor"
            height="1em"
            stroke="currentColor"
            stroke-width="0"
            viewBox="0 0 24 24"
            width="1em"
            xmlns="http://www.w3.org/2000/svg"
          >
            <path
              d="M0 0h24v24H0V0z"
              fill="none"
            />
            <path
              d="M6.23 20.23L8 22l10-10L8 2 6.23 3.77 14.46 12z"
            />
          </svg>
        </a>
      </div>
      <div
        class="slick-slider slick-initialized"
        dir="ltr"
      >
        <div
          class="arrow_container"
        >
          <div
            class="arrow prev"
          >
            <button
              class="button transparent L"
              disabled=""
            >
              <svg
                fill="currentColor"
                height="30"
                stroke="currentColor"
                stroke-width="0"
                viewBox="0 0 24 24"
                width="30"
                xmlns="http://www.w3.org/2000/svg"
              >
                <path
                  d="M0 0h24v24H0z"
                  fill="none"
                />
                <path
                  d="M17.77 3.77L16 2 6 12l10 10 1.77-1.77L9.54 12z"
                />
              </svg>
            </button>
          </div>
        </div>
        <div
          class="slick-list"
        >
          <div
            class="slick-track"
            style="opacity: 1; transform: translate3d(0px, 0px, 0px);"
          >
            <div
              aria-hidden="false"
              class="slick-slide slick-active slick-current"
              data-index="0"
              style="outline: none; width: 0px;"
              tabindex="-1"
            >
              <div>
                <div
                  class="card"
                >
                  <div
                    class="imageSection loader"
                  />
                  <div
                    class="textSection loader"
                  />
                </div>
              </div>
            </div>
            <div
              aria-hidden="false"
              class="slick-slide slick-active"
              data-index="1"
              style="outline: none; width: 0px;"
              tabindex="-1"
            >
              <div>
                <div
                  class="card"
                >
                  <div
                    class="imageSection loader"
                  />
                  <div
                    class="textSection loader"
                  />
                </div>
              </div>
            </div>
            <div
              aria-hidden="false"
              class="slick-slide slick-active"
              data-index="2"
              style="outline: none; width: 0px;"
              tabindex="-1"
            >
              <div>
                <div
                  class="card"
                >
                  <div
                    class="imageSection loader"
                  />
                  <div
                    class="textSection loader"
                  />
                </div>
              </div>
            </div>
            <div
              aria-hidden="false"
              class="slick-slide slick-active"
              data-index="3"
              style="outline: none; width: 0px;"
              tabindex="-1"
            >
              <div>
                <div
                  class="card"
                >
                  <div
                    class="imageSection loader"
                  />
                  <div
                    class="textSection loader"
                  />
                </div>
              </div>
            </div>
            <div
              aria-hidden="false"
              class="slick-slide slick-active"
              data-index="4"
              style="outline: none; width: 0px;"
              tabindex="-1"
            >
              <div>
                <div
                  class="card"
                >
                  <div
                    class="imageSection loader"
                  />
                  <div
                    class="textSection loader"
                  />
                </div>
              </div>
            </div>
            <div
              aria-hidden="false"
              class="slick-slide slick-active"
              data-index="5"
              style="outline: none; width: 0px;"
              tabindex="-1"
            >
              <div>
                <div
                  class="card"
                >
                  <div
                    class="imageSection loader"
                  />
                  <div
                    class="textSection loader"
                  />
                </div>
              </div>
            </div>
            <div
              aria-hidden="false"
              class="slick-slide slick-active"
              data-index="6"
              style="outline: none; width: 0px;"
              tabindex="-1"
            >
              <div>
                <div
                  class="card"
                >
                  <div
                    class="imageSection loader"
                  />
                  <div
                    class="textSection loader"
                  />
                </div>
              </div>
            </div>
            <div
              aria-hidden="true"
              class="slick-slide"
              data-index="7"
              style="outline: none; width: 0px;"
              tabindex="-1"
            />
            <div
              aria-hidden="true"
              class="slick-slide"
              data-index="8"
              style="outline: none; width: 0px;"
              tabindex="-1"
            />
            <div
              aria-hidden="true"
              class="slick-slide"
              data-index="9"
              style="outline: none; width: 0px;"
              tabindex="-1"
            />
            <div
              aria-hidden="true"
              class="slick-slide"
              data-index="10"
              style="outline: none; width: 0px;"
              tabindex="-1"
            />
            <div
              aria-hidden="true"
              class="slick-slide"
              data-index="11"
              style="outline: none; width: 0px;"
              tabindex="-1"
            />
            <div
              aria-hidden="true"
              class="slick-slide"
              data-index="12"
              style="outline: none; width: 0px;"
              tabindex="-1"
            />
            <div
              aria-hidden="true"
              class="slick-slide"
              data-index="13"
              style="outline: none; width: 0px;"
              tabindex="-1"
            />
            <div
              aria-hidden="true"
              class="slick-slide"
              data-index="14"
              style="outline: none; width: 0px;"
              tabindex="-1"
            />
          </div>
        </div>
        <div
          class="arrow_container"
        >
          <div
            class="arrow next"
          >
            <button
              class="button transparent L"
            >
              <svg
                fill="currentColor"
                height="30"
                stroke="currentColor"
                stroke-width="0"
                viewBox="0 0 24 24"
                width="30"
                xmlns="http://www.w3.org/2000/svg"
              >
                <path
                  d="M0 0h24v24H0V0z"
                  fill="none"
                />
                <path
                  d="M6.23 20.23L8 22l10-10L8 2 6.23 3.77 14.46 12z"
                />
              </svg>
            </button>
          </div>
        </div>
      </div>
    </div>
  </div>,
  "debug": [Function],
  "findAllByAltText": [Function],
  "findAllByDisplayValue": [Function],
  "findAllByLabelText": [Function],
  "findAllByPlaceholderText": [Function],
  "findAllByRole": [Function],
  "findAllByTestId": [Function],
  "findAllByText": [Function],
  "findAllByTitle": [Function],
  "findByAltText": [Function],
  "findByDisplayValue": [Function],
  "findByLabelText": [Function],
  "findByPlaceholderText": [Function],
  "findByRole": [Function],
  "findByTestId": [Function],
  "findByText": [Function],
  "findByTitle": [Function],
  "getAllByAltText": [Function],
  "getAllByDisplayValue": [Function],
  "getAllByLabelText": [Function],
  "getAllByPlaceholderText": [Function],
  "getAllByRole": [Function],
  "getAllByTestId": [Function],
  "getAllByText": [Function],
  "getAllByTitle": [Function],
  "getByAltText": [Function],
  "getByDisplayValue": [Function],
  "getByLabelText": [Function],
  "getByPlaceholderText": [Function],
  "getByRole": [Function],
  "getByTestId": [Function],
  "getByText": [Function],
  "getByTitle": [Function],
  "queryAllByAltText": [Function],
  "queryAllByDisplayValue": [Function],
  "queryAllByLabelText": [Function],
  "queryAllByPlaceholderText": [Function],
  "queryAllByRole": [Function],
  "queryAllByTestId": [Function],
  "queryAllByText": [Function],
  "queryAllByTitle": [Function],
  "queryByAltText": [Function],
  "queryByDisplayValue": [Function],
  "queryByLabelText": [Function],
  "queryByPlaceholderText": [Function],
  "queryByRole": [Function],
  "queryByTestId": [Function],
  "queryByText": [Function],
  "queryByTitle": [Function],
  "rerender": [Function],
  "unmount": [Function],
}
`;
